[fold 1] benchmarks (test=2021) ...
[fold 1] A seed=42 (test=2021) ...
C:\Localrepo\quantum_ai\.venv\Lib\site-packages\mlflow\tracking\_tracking_service\utils.py:184: FutureWarning: The filesystem tracking backend (e.g., './mlruns') is deprecated as of February 2026. Consider transitioning to a database backend (e.g., 'sqlite:///mlflow.db') to take advantage of the latest MLflow features. See https://mlflow.org/docs/latest/self-hosting/migrate-from-file-store for migration guidance.
  return FileStore(store_uri, store_uri)
  sharpe=+0.0863 cand_hit=1.000 topm=0.196
[fold 1] A seed=123 (test=2021) ...
  sharpe=+0.0559 cand_hit=1.000 topm=0.228
[fold 1] A seed=456 (test=2021) ...
  sharpe=-0.0424 cand_hit=1.000 topm=0.196
[fold 1] A seed=789 (test=2021) ...
  sharpe=+0.0675 cand_hit=1.000 topm=0.188
[fold 1] A seed=1024 (test=2021) ...
  sharpe=+0.0181 cand_hit=1.000 topm=0.208
[fold 1] D seed=42 (test=2021) ...
2026-06-10 15:10:46 [WARNING] src.data.sector_map: Sectores desconocidos para 2 ticker(s); usando 'UNK': NFLX, ORCL
2026-06-10 15:11:51 [WARNING] src.data.sector_map: Sectores desconocidos para 2 ticker(s); usando 'UNK': NFLX, ORCL
  sharpe=+0.0986 cand_hit=0.528 topm=0.220
[fold 1] D seed=123 (test=2021) ...
2026-06-10 15:11:51 [WARNING] src.data.sector_map: Sectores desconocidos para 2 ticker(s); usando 'UNK': NFLX, ORCL
2026-06-10 15:12:48 [WARNING] src.data.sector_map: Sectores desconocidos para 2 ticker(s); usando 'UNK': NFLX, ORCL
  sharpe=+0.1378 cand_hit=0.488 topm=0.196
[fold 1] D seed=456 (test=2021) ...
2026-06-10 15:12:49 [WARNING] src.data.sector_map: Sectores desconocidos para 2 ticker(s); usando 'UNK': NFLX, ORCL
2026-06-10 15:14:06 [WARNING] src.data.sector_map: Sectores desconocidos para 2 ticker(s); usando 'UNK': NFLX, ORCL
  sharpe=-0.0086 cand_hit=0.396 topm=0.156
[fold 1] D seed=789 (test=2021) ...
2026-06-10 15:14:06 [WARNING] src.data.sector_map: Sectores desconocidos para 2 ticker(s); usando 'UNK': NFLX, ORCL
2026-06-10 15:15:14 [WARNING] src.data.sector_map: Sectores desconocidos para 2 ticker(s); usando 'UNK': NFLX, ORCL
  sharpe=+0.1356 cand_hit=0.492 topm=0.188
[fold 1] D seed=1024 (test=2021) ...
2026-06-10 15:15:14 [WARNING] src.data.sector_map: Sectores desconocidos para 2 ticker(s); usando 'UNK': NFLX, ORCL
2026-06-10 15:16:38 [WARNING] src.data.sector_map: Sectores desconocidos para 2 ticker(s); usando 'UNK': NFLX, ORCL
  sharpe=+0.1069 cand_hit=0.472 topm=0.192
[fold 1] R seed=42 (test=2021) ...
2026-06-10 15:16:39 [WARNING] src.data.sector_map: Sectores desconocidos para 2 ticker(s); usando 'UNK': NFLX, ORCL
2026-06-10 15:17:45 [WARNING] src.data.sector_map: Sectores desconocidos para 2 ticker(s); usando 'UNK': NFLX, ORCL
  sharpe=+0.1249 cand_hit=0.528 topm=0.208
[fold 1] R seed=123 (test=2021) ...
2026-06-10 15:17:46 [WARNING] src.data.sector_map: Sectores desconocidos para 2 ticker(s); usando 'UNK': NFLX, ORCL
2026-06-10 15:18:52 [WARNING] src.data.sector_map: Sectores desconocidos para 2 ticker(s); usando 'UNK': NFLX, ORCL
  sharpe=+0.1545 cand_hit=0.492 topm=0.204
[fold 1] R seed=456 (test=2021) ...
2026-06-10 15:18:53 [WARNING] src.data.sector_map: Sectores desconocidos para 2 ticker(s); usando 'UNK': NFLX, ORCL
2026-06-10 15:19:56 [WARNING] src.data.sector_map: Sectores desconocidos para 2 ticker(s); usando 'UNK': NFLX, ORCL
  sharpe=+0.0641 cand_hit=0.412 topm=0.140
[fold 1] R seed=789 (test=2021) ...
2026-06-10 15:19:57 [WARNING] src.data.sector_map: Sectores desconocidos para 2 ticker(s); usando 'UNK': NFLX, ORCL
2026-06-10 15:21:02 [WARNING] src.data.sector_map: Sectores desconocidos para 2 ticker(s); usando 'UNK': NFLX, ORCL
  sharpe=+0.1514 cand_hit=0.488 topm=0.192
[fold 1] R seed=1024 (test=2021) ...
2026-06-10 15:21:02 [WARNING] src.data.sector_map: Sectores desconocidos para 2 ticker(s); usando 'UNK': NFLX, ORCL
2026-06-10 15:22:09 [WARNING] src.data.sector_map: Sectores desconocidos para 2 ticker(s); usando 'UNK': NFLX, ORCL
  sharpe=+0.0499 cand_hit=0.512 topm=0.184
[fold 2] benchmarks (test=2022) ...
[fold 2] A seed=42 (test=2022) ...
  sharpe=-0.0450 cand_hit=1.000 topm=0.156
[fold 2] A seed=123 (test=2022) ...
  sharpe=-0.0456 cand_hit=1.000 topm=0.180
[fold 2] A seed=456 (test=2022) ...
  sharpe=-0.0952 cand_hit=1.000 topm=0.156
[fold 2] A seed=789 (test=2022) ...
  sharpe=-0.0310 cand_hit=1.000 topm=0.208
[fold 2] A seed=1024 (test=2022) ...
  sharpe=-0.0594 cand_hit=1.000 topm=0.192
[fold 2] D seed=42 (test=2022) ...
2026-06-10 15:24:57 [WARNING] src.data.sector_map: Sectores desconocidos para 2 ticker(s); usando 'UNK': NFLX, ORCL
2026-06-10 15:26:00 [WARNING] src.data.sector_map: Sectores desconocidos para 2 ticker(s); usando 'UNK': NFLX, ORCL
  sharpe=+0.0261 cand_hit=0.368 topm=0.180
[fold 2] D seed=123 (test=2022) ...
2026-06-10 15:26:00 [WARNING] src.data.sector_map: Sectores desconocidos para 2 ticker(s); usando 'UNK': NFLX, ORCL
2026-06-10 15:27:19 [WARNING] src.data.sector_map: Sectores desconocidos para 2 ticker(s); usando 'UNK': NFLX, ORCL
  sharpe=+0.0544 cand_hit=0.340 topm=0.164
[fold 2] D seed=456 (test=2022) ...
2026-06-10 15:27:19 [WARNING] src.data.sector_map: Sectores desconocidos para 2 ticker(s); usando 'UNK': NFLX, ORCL
2026-06-10 15:28:22 [WARNING] src.data.sector_map: Sectores desconocidos para 2 ticker(s); usando 'UNK': NFLX, ORCL
  sharpe=-0.0195 cand_hit=0.320 topm=0.184
[fold 2] D seed=789 (test=2022) ...
2026-06-10 15:28:23 [WARNING] src.data.sector_map: Sectores desconocidos para 2 ticker(s); usando 'UNK': NFLX, ORCL
2026-06-10 15:29:23 [WARNING] src.data.sector_map: Sectores desconocidos para 2 ticker(s); usando 'UNK': NFLX, ORCL
  sharpe=-0.0147 cand_hit=0.380 topm=0.184
[fold 2] D seed=1024 (test=2022) ...
2026-06-10 15:29:23 [WARNING] src.data.sector_map: Sectores desconocidos para 2 ticker(s); usando 'UNK': NFLX, ORCL
2026-06-10 15:30:24 [WARNING] src.data.sector_map: Sectores desconocidos para 2 ticker(s); usando 'UNK': NFLX, ORCL
  sharpe=-0.0481 cand_hit=0.296 topm=0.120
[fold 2] R seed=42 (test=2022) ...
2026-06-10 15:30:25 [WARNING] src.data.sector_map: Sectores desconocidos para 2 ticker(s); usando 'UNK': NFLX, ORCL
2026-06-10 15:31:11 [WARNING] src.data.sector_map: Sectores desconocidos para 2 ticker(s); usando 'UNK': NFLX, ORCL
  sharpe=-0.0497 cand_hit=0.468 topm=0.216
[fold 2] R seed=123 (test=2022) ...
2026-06-10 15:31:12 [WARNING] src.data.sector_map: Sectores desconocidos para 2 ticker(s); usando 'UNK': NFLX, ORCL
2026-06-10 15:31:58 [WARNING] src.data.sector_map: Sectores desconocidos para 2 ticker(s); usando 'UNK': NFLX, ORCL
  sharpe=+0.0222 cand_hit=0.440 topm=0.204
[fold 2] R seed=456 (test=2022) ...
2026-06-10 15:31:58 [WARNING] src.data.sector_map: Sectores desconocidos para 2 ticker(s); usando 'UNK': NFLX, ORCL
2026-06-10 15:32:46 [WARNING] src.data.sector_map: Sectores desconocidos para 2 ticker(s); usando 'UNK': NFLX, ORCL
  sharpe=-0.0230 cand_hit=0.452 topm=0.208
[fold 2] R seed=789 (test=2022) ...
2026-06-10 15:32:46 [WARNING] src.data.sector_map: Sectores desconocidos para 2 ticker(s); usando 'UNK': NFLX, ORCL
2026-06-10 15:33:33 [WARNING] src.data.sector_map: Sectores desconocidos para 2 ticker(s); usando 'UNK': NFLX, ORCL
  sharpe=-0.0197 cand_hit=0.516 topm=0.232
[fold 2] R seed=1024 (test=2022) ...
2026-06-10 15:33:33 [WARNING] src.data.sector_map: Sectores desconocidos para 2 ticker(s); usando 'UNK': NFLX, ORCL
2026-06-10 15:34:20 [WARNING] src.data.sector_map: Sectores desconocidos para 2 ticker(s); usando 'UNK': NFLX, ORCL
  sharpe=-0.0927 cand_hit=0.460 topm=0.204
[fold 3] benchmarks (test=2023) ...
[fold 3] A seed=42 (test=2023) ...
  sharpe=+0.0701 cand_hit=1.000 topm=0.184
[fold 3] A seed=123 (test=2023) ...
  sharpe=+0.0744 cand_hit=1.000 topm=0.204
[fold 3] A seed=456 (test=2023) ...
  sharpe=+0.0876 cand_hit=1.000 topm=0.240
[fold 3] A seed=789 (test=2023) ...
  sharpe=+0.0776 cand_hit=1.000 topm=0.216
[fold 3] A seed=1024 (test=2023) ...
  sharpe=+0.0170 cand_hit=1.000 topm=0.204
[fold 3] D seed=42 (test=2023) ...
2026-06-10 15:36:40 [WARNING] src.data.sector_map: Sectores desconocidos para 2 ticker(s); usando 'UNK': NFLX, ORCL
2026-06-10 15:37:54 [WARNING] src.data.sector_map: Sectores desconocidos para 2 ticker(s); usando 'UNK': NFLX, ORCL
  sharpe=+0.0287 cand_hit=0.480 topm=0.160
[fold 3] D seed=123 (test=2023) ...
2026-06-10 15:37:54 [WARNING] src.data.sector_map: Sectores desconocidos para 2 ticker(s); usando 'UNK': NFLX, ORCL
2026-06-10 15:39:21 [WARNING] src.data.sector_map: Sectores desconocidos para 2 ticker(s); usando 'UNK': NFLX, ORCL
  sharpe=-0.1116 cand_hit=0.456 topm=0.216
[fold 3] D seed=456 (test=2023) ...
2026-06-10 15:39:22 [WARNING] src.data.sector_map: Sectores desconocidos para 2 ticker(s); usando 'UNK': NFLX, ORCL
2026-06-10 15:40:46 [WARNING] src.data.sector_map: Sectores desconocidos para 2 ticker(s); usando 'UNK': NFLX, ORCL
  sharpe=-0.1874 cand_hit=0.552 topm=0.224
[fold 3] D seed=789 (test=2023) ...
2026-06-10 15:40:47 [WARNING] src.data.sector_map: Sectores desconocidos para 2 ticker(s); usando 'UNK': NFLX, ORCL
2026-06-10 15:42:12 [WARNING] src.data.sector_map: Sectores desconocidos para 2 ticker(s); usando 'UNK': NFLX, ORCL
  sharpe=-0.0181 cand_hit=0.536 topm=0.212
[fold 3] D seed=1024 (test=2023) ...
2026-06-10 15:42:12 [WARNING] src.data.sector_map: Sectores desconocidos para 2 ticker(s); usando 'UNK': NFLX, ORCL
2026-06-10 15:43:36 [WARNING] src.data.sector_map: Sectores desconocidos para 2 ticker(s); usando 'UNK': NFLX, ORCL
  sharpe=+0.1029 cand_hit=0.496 topm=0.184
[fold 3] R seed=42 (test=2023) ...
2026-06-10 15:43:36 [WARNING] src.data.sector_map: Sectores desconocidos para 2 ticker(s); usando 'UNK': NFLX, ORCL
2026-06-10 15:44:41 [WARNING] src.data.sector_map: Sectores desconocidos para 2 ticker(s); usando 'UNK': NFLX, ORCL
  sharpe=+0.0925 cand_hit=0.420 topm=0.188
[fold 3] R seed=123 (test=2023) ...
2026-06-10 15:44:42 [WARNING] src.data.sector_map: Sectores desconocidos para 2 ticker(s); usando 'UNK': NFLX, ORCL
2026-06-10 15:45:47 [WARNING] src.data.sector_map: Sectores desconocidos para 2 ticker(s); usando 'UNK': NFLX, ORCL
  sharpe=+0.1151 cand_hit=0.468 topm=0.176
[fold 3] R seed=456 (test=2023) ...
2026-06-10 15:45:48 [WARNING] src.data.sector_map: Sectores desconocidos para 2 ticker(s); usando 'UNK': NFLX, ORCL
2026-06-10 15:46:54 [WARNING] src.data.sector_map: Sectores desconocidos para 2 ticker(s); usando 'UNK': NFLX, ORCL
  sharpe=-0.0836 cand_hit=0.556 topm=0.220
[fold 3] R seed=789 (test=2023) ...
2026-06-10 15:46:55 [WARNING] src.data.sector_map: Sectores desconocidos para 2 ticker(s); usando 'UNK': NFLX, ORCL
2026-06-10 15:47:57 [WARNING] src.data.sector_map: Sectores desconocidos para 2 ticker(s); usando 'UNK': NFLX, ORCL
  sharpe=+0.0069 cand_hit=0.444 topm=0.172
[fold 3] R seed=1024 (test=2023) ...
2026-06-10 15:47:58 [WARNING] src.data.sector_map: Sectores desconocidos para 2 ticker(s); usando 'UNK': NFLX, ORCL
2026-06-10 15:48:56 [WARNING] src.data.sector_map: Sectores desconocidos para 2 ticker(s); usando 'UNK': NFLX, ORCL
  sharpe=+0.1496 cand_hit=0.496 topm=0.208
[fold 4] benchmarks (test=2024) ...
[fold 4] A seed=42 (test=2024) ...
  sharpe=+0.0969 cand_hit=1.000 topm=0.200
[fold 4] A seed=123 (test=2024) ...
  sharpe=+0.0986 cand_hit=1.000 topm=0.240
[fold 4] A seed=456 (test=2024) ...
  sharpe=+0.1351 cand_hit=1.000 topm=0.196
[fold 4] A seed=789 (test=2024) ...
  sharpe=-0.0034 cand_hit=1.000 topm=0.168
[fold 4] A seed=1024 (test=2024) ...
  sharpe=+0.1051 cand_hit=1.000 topm=0.204
[fold 4] D seed=42 (test=2024) ...
2026-06-10 15:51:49 [WARNING] src.data.sector_map: Sectores desconocidos para 2 ticker(s); usando 'UNK': NFLX, ORCL
2026-06-10 15:53:05 [WARNING] src.data.sector_map: Sectores desconocidos para 2 ticker(s); usando 'UNK': NFLX, ORCL
  sharpe=-0.0151 cand_hit=0.504 topm=0.220
[fold 4] D seed=123 (test=2024) ...
2026-06-10 15:53:06 [WARNING] src.data.sector_map: Sectores desconocidos para 2 ticker(s); usando 'UNK': NFLX, ORCL
2026-06-10 15:54:22 [WARNING] src.data.sector_map: Sectores desconocidos para 2 ticker(s); usando 'UNK': NFLX, ORCL
  sharpe=+0.1642 cand_hit=0.488 topm=0.200
[fold 4] D seed=456 (test=2024) ...
2026-06-10 15:54:22 [WARNING] src.data.sector_map: Sectores desconocidos para 2 ticker(s); usando 'UNK': NFLX, ORCL
2026-06-10 15:55:35 [WARNING] src.data.sector_map: Sectores desconocidos para 2 ticker(s); usando 'UNK': NFLX, ORCL
  sharpe=-0.0311 cand_hit=0.436 topm=0.128
[fold 4] D seed=789 (test=2024) ...
2026-06-10 15:55:35 [WARNING] src.data.sector_map: Sectores desconocidos para 2 ticker(s); usando 'UNK': NFLX, ORCL
2026-06-10 15:57:00 [WARNING] src.data.sector_map: Sectores desconocidos para 2 ticker(s); usando 'UNK': NFLX, ORCL
  sharpe=-0.0634 cand_hit=0.420 topm=0.156
[fold 4] D seed=1024 (test=2024) ...
2026-06-10 15:57:01 [WARNING] src.data.sector_map: Sectores desconocidos para 2 ticker(s); usando 'UNK': NFLX, ORCL
2026-06-10 15:58:27 [WARNING] src.data.sector_map: Sectores desconocidos para 2 ticker(s); usando 'UNK': NFLX, ORCL
  sharpe=-0.0590 cand_hit=0.552 topm=0.220
[fold 4] R seed=42 (test=2024) ...
2026-06-10 15:58:28 [WARNING] src.data.sector_map: Sectores desconocidos para 2 ticker(s); usando 'UNK': NFLX, ORCL
2026-06-10 15:59:31 [WARNING] src.data.sector_map: Sectores desconocidos para 2 ticker(s); usando 'UNK': NFLX, ORCL
  sharpe=+0.1556 cand_hit=0.508 topm=0.180
[fold 4] R seed=123 (test=2024) ...
2026-06-10 15:59:31 [WARNING] src.data.sector_map: Sectores desconocidos para 2 ticker(s); usando 'UNK': NFLX, ORCL
2026-06-10 16:00:24 [WARNING] src.data.sector_map: Sectores desconocidos para 2 ticker(s); usando 'UNK': NFLX, ORCL
  sharpe=+0.0900 cand_hit=0.500 topm=0.176
[fold 4] R seed=456 (test=2024) ...
2026-06-10 16:00:24 [WARNING] src.data.sector_map: Sectores desconocidos para 2 ticker(s); usando 'UNK': NFLX, ORCL
2026-06-10 16:01:13 [WARNING] src.data.sector_map: Sectores desconocidos para 2 ticker(s); usando 'UNK': NFLX, ORCL
  sharpe=+0.1228 cand_hit=0.460 topm=0.152
[fold 4] R seed=789 (test=2024) ...
2026-06-10 16:01:13 [WARNING] src.data.sector_map: Sectores desconocidos para 2 ticker(s); usando 'UNK': NFLX, ORCL
2026-06-10 16:02:07 [WARNING] src.data.sector_map: Sectores desconocidos para 2 ticker(s); usando 'UNK': NFLX, ORCL
  sharpe=+0.0486 cand_hit=0.476 topm=0.168
[fold 4] R seed=1024 (test=2024) ...
2026-06-10 16:02:08 [WARNING] src.data.sector_map: Sectores desconocidos para 2 ticker(s); usando 'UNK': NFLX, ORCL
2026-06-10 16:03:18 [WARNING] src.data.sector_map: Sectores desconocidos para 2 ticker(s); usando 'UNK': NFLX, ORCL
  sharpe=-0.0406 cand_hit=0.528 topm=0.236

[OK] 124 filas en C:\Localrepo\quantum_ai\outputs\tables\regime_validation_v7.csv
