C:\Localrepo\quantum_ai\.venv\Lib\site-packages\mlflow\tracking\_tracking_service\utils.py:184: FutureWarning: The filesystem tracking backend (e.g., './mlruns') is deprecated as of February 2026. Consider transitioning to a database backend (e.g., 'sqlite:///mlflow.db') to take advantage of the latest MLflow features. See https://mlflow.org/docs/latest/self-hosting/migrate-from-file-store for migration guidance.
  return FileStore(store_uri, store_uri)
2026/05/11 20:26:22 INFO mlflow.tracking.fluent: Experiment with name 'campaign_campaign_1_A' does not exist. Creating a new experiment.
2026/05/11 20:29:28 INFO mlflow.tracking.fluent: Experiment with name 'campaign_campaign_1_B' does not exist. Creating a new experiment.
2026/05/11 20:32:50 INFO mlflow.tracking.fluent: Experiment with name 'campaign_campaign_1_C' does not exist. Creating a new experiment.
2026/05/11 20:37:24 INFO mlflow.tracking.fluent: Experiment with name 'campaign_campaign_1_D' does not exist. Creating a new experiment.
[1/20] Run model=A seed=42 steps=50000 ...
        return=-27.1496 sharpe=-1.2404 topm_hit=0.210 cand_hit=1.000 latency=0.47ms duration=37.2s
[2/20] Run model=A seed=123 steps=50000 ...
        return=-25.6004 sharpe=-1.2597 topm_hit=0.221 cand_hit=1.000 latency=0.35ms duration=29.9s
[3/20] Run model=A seed=456 steps=50000 ...
        return=-22.6367 sharpe=-1.2556 topm_hit=0.202 cand_hit=1.000 latency=0.46ms duration=36.1s
[4/20] Run model=A seed=789 steps=50000 ...
        return=-23.5468 sharpe=-1.1507 topm_hit=0.198 cand_hit=1.000 latency=0.52ms duration=41.1s
[5/20] Run model=A seed=1024 steps=50000 ...
        return=-24.3291 sharpe=-1.1837 topm_hit=0.218 cand_hit=1.000 latency=0.47ms duration=41.6s
[6/20] Run model=B seed=42 steps=50000 ...
        return=-27.1496 sharpe=-1.2404 topm_hit=0.210 cand_hit=1.000 latency=0.49ms duration=40.2s
[7/20] Run model=B seed=123 steps=50000 ...
        return=-25.6004 sharpe=-1.2597 topm_hit=0.221 cand_hit=1.000 latency=0.47ms duration=40.1s
[8/20] Run model=B seed=456 steps=50000 ...
        return=-22.6367 sharpe=-1.2556 topm_hit=0.202 cand_hit=1.000 latency=0.51ms duration=39.5s
[9/20] Run model=B seed=789 steps=50000 ...
        return=-23.5468 sharpe=-1.1507 topm_hit=0.198 cand_hit=1.000 latency=0.47ms duration=41.0s
[10/20] Run model=B seed=1024 steps=50000 ...
        return=-24.3291 sharpe=-1.1837 topm_hit=0.218 cand_hit=1.000 latency=0.38ms duration=40.0s
[11/20] Run model=C seed=42 steps=50000 ...
        return=-26.3642 sharpe=-1.2752 topm_hit=0.187 cand_hit=0.501 latency=0.73ms duration=48.3s
[12/20] Run model=C seed=123 steps=50000 ...
        return=-23.4477 sharpe=-1.2074 topm_hit=0.193 cand_hit=0.514 latency=0.96ms duration=51.8s
[13/20] Run model=C seed=456 steps=50000 ...
        return=-23.5904 sharpe=-1.2184 topm_hit=0.215 cand_hit=0.514 latency=0.89ms duration=65.8s
[14/20] Run model=C seed=789 steps=50000 ...
        return=-25.1537 sharpe=-1.2688 topm_hit=0.179 cand_hit=0.516 latency=0.72ms duration=60.0s
[15/20] Run model=C seed=1024 steps=50000 ...
        return=-22.2930 sharpe=-1.2669 topm_hit=0.206 cand_hit=0.508 latency=0.68ms duration=48.4s
[16/20] Run model=D seed=42 steps=50000 ...
        return=-27.5753 sharpe=-1.2325 topm_hit=0.218 cand_hit=0.493 latency=0.95ms duration=63.8s
[17/20] Run model=D seed=123 steps=50000 ...
        return=-25.0172 sharpe=-1.2068 topm_hit=0.212 cand_hit=0.505 latency=0.97ms duration=64.1s
[18/20] Run model=D seed=456 steps=50000 ...
        return=-25.0421 sharpe=-1.2357 topm_hit=0.205 cand_hit=0.502 latency=1.30ms duration=86.1s
[19/20] Run model=D seed=789 steps=50000 ...
        return=-25.1883 sharpe=-1.2585 topm_hit=0.180 cand_hit=0.502 latency=1.36ms duration=86.9s
[20/20] Run model=D seed=1024 steps=50000 ...
        return=-23.0368 sharpe=-1.2079 topm_hit=0.190 cand_hit=0.500 latency=0.96ms duration=83.9s

[OK] 20 runs escritos en C:\Localrepo\quantum_ai\outputs\tables\campaign_1.csv
