[tuning] softmax tau=0.5 seed=42 ...
2026-07-20 14:27:43 [WARNING] src.data.sector_map: Sectores desconocidos para 2 ticker(s); usando 'UNK': NFLX, ORCL
C:\Localrepo\quantum_ai\.venv\Lib\site-packages\mlflow\tracking\_tracking_service\utils.py:184: FutureWarning: The filesystem tracking backend (e.g., './mlruns') is deprecated as of February 2026. Consider transitioning to a database backend (e.g., 'sqlite:///mlflow.db') to take advantage of the latest MLflow features. See https://mlflow.org/docs/latest/self-hosting/migrate-from-file-store for migration guidance.
  return FileStore(store_uri, store_uri)
2026-07-20 14:28:53 [WARNING] src.data.sector_map: Sectores desconocidos para 2 ticker(s); usando 'UNK': NFLX, ORCL
  cand=0.4667
[tuning] softmax tau=0.5 seed=123 ...
2026-07-20 14:28:55 [WARNING] src.data.sector_map: Sectores desconocidos para 2 ticker(s); usando 'UNK': NFLX, ORCL
2026-07-20 14:30:02 [WARNING] src.data.sector_map: Sectores desconocidos para 2 ticker(s); usando 'UNK': NFLX, ORCL
  cand=0.4651
[tuning] softmax tau=0.5 seed=456 ...
2026-07-20 14:30:04 [WARNING] src.data.sector_map: Sectores desconocidos para 2 ticker(s); usando 'UNK': NFLX, ORCL
2026-07-20 14:31:12 [WARNING] src.data.sector_map: Sectores desconocidos para 2 ticker(s); usando 'UNK': NFLX, ORCL
  cand=0.5167
[tuning] softmax tau=1.0 seed=42 ...
2026-07-20 14:31:13 [WARNING] src.data.sector_map: Sectores desconocidos para 2 ticker(s); usando 'UNK': NFLX, ORCL
2026-07-20 14:32:20 [WARNING] src.data.sector_map: Sectores desconocidos para 2 ticker(s); usando 'UNK': NFLX, ORCL
  cand=0.4690
[tuning] softmax tau=1.0 seed=123 ...
2026-07-20 14:32:22 [WARNING] src.data.sector_map: Sectores desconocidos para 2 ticker(s); usando 'UNK': NFLX, ORCL
2026-07-20 14:33:29 [WARNING] src.data.sector_map: Sectores desconocidos para 2 ticker(s); usando 'UNK': NFLX, ORCL
  cand=0.4627
[tuning] softmax tau=1.0 seed=456 ...
2026-07-20 14:33:31 [WARNING] src.data.sector_map: Sectores desconocidos para 2 ticker(s); usando 'UNK': NFLX, ORCL
2026-07-20 14:34:34 [WARNING] src.data.sector_map: Sectores desconocidos para 2 ticker(s); usando 'UNK': NFLX, ORCL
  cand=0.5095
[tuning] softmax tau=2.0 seed=42 ...
2026-07-20 14:34:36 [WARNING] src.data.sector_map: Sectores desconocidos para 2 ticker(s); usando 'UNK': NFLX, ORCL
2026-07-20 14:35:39 [WARNING] src.data.sector_map: Sectores desconocidos para 2 ticker(s); usando 'UNK': NFLX, ORCL
  cand=0.4675
[tuning] softmax tau=2.0 seed=123 ...
2026-07-20 14:35:40 [WARNING] src.data.sector_map: Sectores desconocidos para 2 ticker(s); usando 'UNK': NFLX, ORCL
2026-07-20 14:36:42 [WARNING] src.data.sector_map: Sectores desconocidos para 2 ticker(s); usando 'UNK': NFLX, ORCL
  cand=0.4651
[tuning] softmax tau=2.0 seed=456 ...
2026-07-20 14:36:44 [WARNING] src.data.sector_map: Sectores desconocidos para 2 ticker(s); usando 'UNK': NFLX, ORCL
2026-07-20 14:37:41 [WARNING] src.data.sector_map: Sectores desconocidos para 2 ticker(s); usando 'UNK': NFLX, ORCL
  cand=0.5071

[tau*] 0.5 (cand_hit medio 0.4828)

[1/30] softmax seed=42 ...
2026-07-20 14:37:42 [WARNING] src.data.sector_map: Sectores desconocidos para 2 ticker(s); usando 'UNK': NFLX, ORCL
2026/07/20 14:37:42 INFO mlflow.tracking.fluent: Experiment with name 'campaign_v8_exp7_softmax_D' does not exist. Creating a new experiment.
2026-07-20 14:38:37 [WARNING] src.data.sector_map: Sectores desconocidos para 2 ticker(s); usando 'UNK': NFLX, ORCL
  sharpe=+0.0602 cand=0.4698 dur=56s
[2/30] momentum_refresh seed=42 ...
2026-07-20 14:38:38 [WARNING] src.data.sector_map: Sectores desconocidos para 2 ticker(s); usando 'UNK': NFLX, ORCL
2026/07/20 14:38:38 INFO mlflow.tracking.fluent: Experiment with name 'campaign_v8_exp7_momentum_refresh_D' does not exist. Creating a new experiment.
2026-07-20 14:39:32 [WARNING] src.data.sector_map: Sectores desconocidos para 2 ticker(s); usando 'UNK': NFLX, ORCL
  sharpe=+0.0812 cand=0.4190 dur=55s
[3/30] thompson seed=42 ...
2026-07-20 14:39:34 [WARNING] src.data.sector_map: Sectores desconocidos para 2 ticker(s); usando 'UNK': NFLX, ORCL
2026/07/20 14:39:34 INFO mlflow.tracking.fluent: Experiment with name 'campaign_v8_exp7_thompson_D' does not exist. Creating a new experiment.
2026-07-20 14:40:28 [WARNING] src.data.sector_map: Sectores desconocidos para 2 ticker(s); usando 'UNK': NFLX, ORCL
  sharpe=+0.0521 cand=0.4619 dur=55s
[4/30] softmax seed=123 ...
2026-07-20 14:40:29 [WARNING] src.data.sector_map: Sectores desconocidos para 2 ticker(s); usando 'UNK': NFLX, ORCL
2026-07-20 14:41:24 [WARNING] src.data.sector_map: Sectores desconocidos para 2 ticker(s); usando 'UNK': NFLX, ORCL
  sharpe=+0.0307 cand=0.4532 dur=56s
[5/30] momentum_refresh seed=123 ...
2026-07-20 14:41:25 [WARNING] src.data.sector_map: Sectores desconocidos para 2 ticker(s); usando 'UNK': NFLX, ORCL
2026-07-20 14:42:19 [WARNING] src.data.sector_map: Sectores desconocidos para 2 ticker(s); usando 'UNK': NFLX, ORCL
  sharpe=+0.0371 cand=0.4087 dur=55s
[6/30] thompson seed=123 ...
2026-07-20 14:42:20 [WARNING] src.data.sector_map: Sectores desconocidos para 2 ticker(s); usando 'UNK': NFLX, ORCL
2026-07-20 14:43:14 [WARNING] src.data.sector_map: Sectores desconocidos para 2 ticker(s); usando 'UNK': NFLX, ORCL
  sharpe=+0.0025 cand=0.4667 dur=55s
[7/30] softmax seed=456 ...
2026-07-20 14:43:15 [WARNING] src.data.sector_map: Sectores desconocidos para 2 ticker(s); usando 'UNK': NFLX, ORCL
2026-07-20 14:44:10 [WARNING] src.data.sector_map: Sectores desconocidos para 2 ticker(s); usando 'UNK': NFLX, ORCL
  sharpe=-0.0024 cand=0.4754 dur=56s
[8/30] momentum_refresh seed=456 ...
2026-07-20 14:44:11 [WARNING] src.data.sector_map: Sectores desconocidos para 2 ticker(s); usando 'UNK': NFLX, ORCL
2026-07-20 14:45:05 [WARNING] src.data.sector_map: Sectores desconocidos para 2 ticker(s); usando 'UNK': NFLX, ORCL
  sharpe=+0.0158 cand=0.3865 dur=55s
[9/30] thompson seed=456 ...
2026-07-20 14:45:06 [WARNING] src.data.sector_map: Sectores desconocidos para 2 ticker(s); usando 'UNK': NFLX, ORCL
2026-07-20 14:46:02 [WARNING] src.data.sector_map: Sectores desconocidos para 2 ticker(s); usando 'UNK': NFLX, ORCL
  sharpe=-0.0189 cand=0.4778 dur=56s
[10/30] softmax seed=789 ...
2026-07-20 14:46:03 [WARNING] src.data.sector_map: Sectores desconocidos para 2 ticker(s); usando 'UNK': NFLX, ORCL
2026-07-20 14:46:57 [WARNING] src.data.sector_map: Sectores desconocidos para 2 ticker(s); usando 'UNK': NFLX, ORCL
  sharpe=+0.0174 cand=0.4595 dur=55s
[11/30] momentum_refresh seed=789 ...
2026-07-20 14:46:58 [WARNING] src.data.sector_map: Sectores desconocidos para 2 ticker(s); usando 'UNK': NFLX, ORCL
2026-07-20 14:47:52 [WARNING] src.data.sector_map: Sectores desconocidos para 2 ticker(s); usando 'UNK': NFLX, ORCL
  sharpe=+0.0237 cand=0.4063 dur=54s
[12/30] thompson seed=789 ...
2026-07-20 14:47:53 [WARNING] src.data.sector_map: Sectores desconocidos para 2 ticker(s); usando 'UNK': NFLX, ORCL
2026-07-20 14:48:47 [WARNING] src.data.sector_map: Sectores desconocidos para 2 ticker(s); usando 'UNK': NFLX, ORCL
  sharpe=-0.0160 cand=0.4770 dur=55s
[13/30] softmax seed=1024 ...
2026-07-20 14:48:48 [WARNING] src.data.sector_map: Sectores desconocidos para 2 ticker(s); usando 'UNK': NFLX, ORCL
2026-07-20 14:49:42 [WARNING] src.data.sector_map: Sectores desconocidos para 2 ticker(s); usando 'UNK': NFLX, ORCL
  sharpe=+0.0363 cand=0.4500 dur=55s
[14/30] momentum_refresh seed=1024 ...
2026-07-20 14:49:43 [WARNING] src.data.sector_map: Sectores desconocidos para 2 ticker(s); usando 'UNK': NFLX, ORCL
2026-07-20 14:50:36 [WARNING] src.data.sector_map: Sectores desconocidos para 2 ticker(s); usando 'UNK': NFLX, ORCL
  sharpe=+0.0312 cand=0.4183 dur=54s
[15/30] thompson seed=1024 ...
2026-07-20 14:50:38 [WARNING] src.data.sector_map: Sectores desconocidos para 2 ticker(s); usando 'UNK': NFLX, ORCL
2026-07-20 14:51:32 [WARNING] src.data.sector_map: Sectores desconocidos para 2 ticker(s); usando 'UNK': NFLX, ORCL
  sharpe=+0.0328 cand=0.4794 dur=55s
[16/30] softmax seed=7 ...
2026-07-20 14:51:33 [WARNING] src.data.sector_map: Sectores desconocidos para 2 ticker(s); usando 'UNK': NFLX, ORCL
2026-07-20 14:52:29 [WARNING] src.data.sector_map: Sectores desconocidos para 2 ticker(s); usando 'UNK': NFLX, ORCL
  sharpe=+0.0384 cand=0.4675 dur=57s
[17/30] momentum_refresh seed=7 ...
2026-07-20 14:52:30 [WARNING] src.data.sector_map: Sectores desconocidos para 2 ticker(s); usando 'UNK': NFLX, ORCL
2026-07-20 14:53:24 [WARNING] src.data.sector_map: Sectores desconocidos para 2 ticker(s); usando 'UNK': NFLX, ORCL
  sharpe=+0.0189 cand=0.4151 dur=55s
[18/30] thompson seed=7 ...
2026-07-20 14:53:26 [WARNING] src.data.sector_map: Sectores desconocidos para 2 ticker(s); usando 'UNK': NFLX, ORCL
2026-07-20 14:54:19 [WARNING] src.data.sector_map: Sectores desconocidos para 2 ticker(s); usando 'UNK': NFLX, ORCL
  sharpe=+0.0206 cand=0.4714 dur=54s
[19/30] softmax seed=99 ...
2026-07-20 14:54:20 [WARNING] src.data.sector_map: Sectores desconocidos para 2 ticker(s); usando 'UNK': NFLX, ORCL
2026-07-20 14:55:21 [WARNING] src.data.sector_map: Sectores desconocidos para 2 ticker(s); usando 'UNK': NFLX, ORCL
  sharpe=+0.0723 cand=0.4603 dur=62s
[20/30] momentum_refresh seed=99 ...
2026-07-20 14:55:23 [WARNING] src.data.sector_map: Sectores desconocidos para 2 ticker(s); usando 'UNK': NFLX, ORCL
2026-07-20 14:56:26 [WARNING] src.data.sector_map: Sectores desconocidos para 2 ticker(s); usando 'UNK': NFLX, ORCL
  sharpe=+0.0571 cand=0.4087 dur=65s
[21/30] thompson seed=99 ...
2026-07-20 14:56:27 [WARNING] src.data.sector_map: Sectores desconocidos para 2 ticker(s); usando 'UNK': NFLX, ORCL
2026-07-20 14:57:33 [WARNING] src.data.sector_map: Sectores desconocidos para 2 ticker(s); usando 'UNK': NFLX, ORCL
  sharpe=+0.0172 cand=0.4690 dur=67s
[22/30] softmax seed=314 ...
2026-07-20 14:57:35 [WARNING] src.data.sector_map: Sectores desconocidos para 2 ticker(s); usando 'UNK': NFLX, ORCL
2026-07-20 14:58:41 [WARNING] src.data.sector_map: Sectores desconocidos para 2 ticker(s); usando 'UNK': NFLX, ORCL
  sharpe=+0.0576 cand=0.4595 dur=68s
[23/30] momentum_refresh seed=314 ...
2026-07-20 14:58:42 [WARNING] src.data.sector_map: Sectores desconocidos para 2 ticker(s); usando 'UNK': NFLX, ORCL
2026-07-20 14:59:52 [WARNING] src.data.sector_map: Sectores desconocidos para 2 ticker(s); usando 'UNK': NFLX, ORCL
  sharpe=+0.0633 cand=0.4024 dur=71s
[24/30] thompson seed=314 ...
2026-07-20 14:59:53 [WARNING] src.data.sector_map: Sectores desconocidos para 2 ticker(s); usando 'UNK': NFLX, ORCL
2026-07-20 15:01:02 [WARNING] src.data.sector_map: Sectores desconocidos para 2 ticker(s); usando 'UNK': NFLX, ORCL
  sharpe=+0.0265 cand=0.4619 dur=70s
[25/30] softmax seed=1729 ...
2026-07-20 15:01:04 [WARNING] src.data.sector_map: Sectores desconocidos para 2 ticker(s); usando 'UNK': NFLX, ORCL
2026-07-20 15:02:13 [WARNING] src.data.sector_map: Sectores desconocidos para 2 ticker(s); usando 'UNK': NFLX, ORCL
  sharpe=+0.0379 cand=0.4579 dur=70s
[26/30] momentum_refresh seed=1729 ...
2026-07-20 15:02:14 [WARNING] src.data.sector_map: Sectores desconocidos para 2 ticker(s); usando 'UNK': NFLX, ORCL
2026-07-20 15:03:21 [WARNING] src.data.sector_map: Sectores desconocidos para 2 ticker(s); usando 'UNK': NFLX, ORCL
  sharpe=+0.0111 cand=0.4190 dur=68s
[27/30] thompson seed=1729 ...
2026-07-20 15:03:22 [WARNING] src.data.sector_map: Sectores desconocidos para 2 ticker(s); usando 'UNK': NFLX, ORCL
2026-07-20 15:04:29 [WARNING] src.data.sector_map: Sectores desconocidos para 2 ticker(s); usando 'UNK': NFLX, ORCL
  sharpe=+0.0038 cand=0.4603 dur=67s
[28/30] softmax seed=65535 ...
2026-07-20 15:04:30 [WARNING] src.data.sector_map: Sectores desconocidos para 2 ticker(s); usando 'UNK': NFLX, ORCL
2026-07-20 15:05:30 [WARNING] src.data.sector_map: Sectores desconocidos para 2 ticker(s); usando 'UNK': NFLX, ORCL
  sharpe=-0.0010 cand=0.4476 dur=61s
[29/30] momentum_refresh seed=65535 ...
2026-07-20 15:05:31 [WARNING] src.data.sector_map: Sectores desconocidos para 2 ticker(s); usando 'UNK': NFLX, ORCL
2026-07-20 15:06:30 [WARNING] src.data.sector_map: Sectores desconocidos para 2 ticker(s); usando 'UNK': NFLX, ORCL
  sharpe=+0.0358 cand=0.4175 dur=59s
[30/30] thompson seed=65535 ...
2026-07-20 15:06:31 [WARNING] src.data.sector_map: Sectores desconocidos para 2 ticker(s); usando 'UNK': NFLX, ORCL
2026-07-20 15:07:30 [WARNING] src.data.sector_map: Sectores desconocidos para 2 ticker(s); usando 'UNK': NFLX, ORCL
  sharpe=+0.0267 cand=0.4571 dur=61s

[OK] tuning=9 main=30
