Sectores desconocidos para 2 ticker(s); usando 'UNK': NFLX, ORCL
Sectores desconocidos para 2 ticker(s); usando 'UNK': NFLX, ORCL
Sectores desconocidos para 2 ticker(s); usando 'UNK': NFLX, ORCL
Sectores desconocidos para 2 ticker(s); usando 'UNK': NFLX, ORCL
Sectores desconocidos para 2 ticker(s); usando 'UNK': NFLX, ORCL
Sectores desconocidos para 2 ticker(s); usando 'UNK': NFLX, ORCL
Sectores desconocidos para 2 ticker(s); usando 'UNK': NFLX, ORCL
Sectores desconocidos para 2 ticker(s); usando 'UNK': NFLX, ORCL
Sectores desconocidos para 2 ticker(s); usando 'UNK': NFLX, ORCL
Sectores desconocidos para 2 ticker(s); usando 'UNK': NFLX, ORCL
Sectores desconocidos para 2 ticker(s); usando 'UNK': NFLX, ORCL
Sectores desconocidos para 2 ticker(s); usando 'UNK': NFLX, ORCL
Sectores desconocidos para 2 ticker(s); usando 'UNK': NFLX, ORCL
Sectores desconocidos para 2 ticker(s); usando 'UNK': NFLX, ORCL
Sectores desconocidos para 2 ticker(s); usando 'UNK': NFLX, ORCL
Sectores desconocidos para 2 ticker(s); usando 'UNK': NFLX, ORCL
Sectores desconocidos para 2 ticker(s); usando 'UNK': NFLX, ORCL
Sectores desconocidos para 2 ticker(s); usando 'UNK': NFLX, ORCL
Sectores desconocidos para 2 ticker(s); usando 'UNK': NFLX, ORCL
Sectores desconocidos para 2 ticker(s); usando 'UNK': NFLX, ORCL
Sectores desconocidos para 2 ticker(s); usando 'UNK': NFLX, ORCL
Sectores desconocidos para 2 ticker(s); usando 'UNK': NFLX, ORCL
Sectores desconocidos para 2 ticker(s); usando 'UNK': NFLX, ORCL
Sectores desconocidos para 2 ticker(s); usando 'UNK': NFLX, ORCL
Sectores desconocidos para 2 ticker(s); usando 'UNK': NFLX, ORCL
Sectores desconocidos para 2 ticker(s); usando 'UNK': NFLX, ORCL
Sectores desconocidos para 2 ticker(s); usando 'UNK': NFLX, ORCL
Sectores desconocidos para 2 ticker(s); usando 'UNK': NFLX, ORCL
Sectores desconocidos para 2 ticker(s); usando 'UNK': NFLX, ORCL
Sectores desconocidos para 2 ticker(s); usando 'UNK': NFLX, ORCL
Sectores desconocidos para 2 ticker(s); usando 'UNK': NFLX, ORCL
Sectores desconocidos para 2 ticker(s); usando 'UNK': NFLX, ORCL
Sectores desconocidos para 2 ticker(s); usando 'UNK': NFLX, ORCL
Sectores desconocidos para 2 ticker(s); usando 'UNK': NFLX, ORCL
Sectores desconocidos para 2 ticker(s); usando 'UNK': NFLX, ORCL
Sectores desconocidos para 2 ticker(s); usando 'UNK': NFLX, ORCL
Sectores desconocidos para 2 ticker(s); usando 'UNK': NFLX, ORCL
Sectores desconocidos para 2 ticker(s); usando 'UNK': NFLX, ORCL
Sectores desconocidos para 2 ticker(s); usando 'UNK': NFLX, ORCL
Sectores desconocidos para 2 ticker(s); usando 'UNK': NFLX, ORCL
C:\Localrepo\quantum_ai\scripts\run_mask_metrics_v8.py:292: RuntimeWarning: Mean of empty slice
  agg = {k: float(np.nanmean([r[k] for r in per_seed]))
Sectores desconocidos para 2 ticker(s); usando 'UNK': NFLX, ORCL
Sectores desconocidos para 2 ticker(s); usando 'UNK': NFLX, ORCL
Sectores desconocidos para 2 ticker(s); usando 'UNK': NFLX, ORCL
Sectores desconocidos para 2 ticker(s); usando 'UNK': NFLX, ORCL
Sectores desconocidos para 2 ticker(s); usando 'UNK': NFLX, ORCL
Sectores desconocidos para 2 ticker(s); usando 'UNK': NFLX, ORCL
Sectores desconocidos para 2 ticker(s); usando 'UNK': NFLX, ORCL
Sectores desconocidos para 2 ticker(s); usando 'UNK': NFLX, ORCL
Sectores desconocidos para 2 ticker(s); usando 'UNK': NFLX, ORCL
Sectores desconocidos para 2 ticker(s); usando 'UNK': NFLX, ORCL
C:\Localrepo\quantum_ai\scripts\run_mask_metrics_v8.py:292: RuntimeWarning: Mean of empty slice
  agg = {k: float(np.nanmean([r[k] for r in per_seed]))
Sectores desconocidos para 2 ticker(s); usando 'UNK': NFLX, ORCL
Sectores desconocidos para 2 ticker(s); usando 'UNK': NFLX, ORCL
Sectores desconocidos para 2 ticker(s); usando 'UNK': NFLX, ORCL
Sectores desconocidos para 2 ticker(s); usando 'UNK': NFLX, ORCL
Sectores desconocidos para 2 ticker(s); usando 'UNK': NFLX, ORCL
Sectores desconocidos para 2 ticker(s); usando 'UNK': NFLX, ORCL
Sectores desconocidos para 2 ticker(s); usando 'UNK': NFLX, ORCL
Sectores desconocidos para 2 ticker(s); usando 'UNK': NFLX, ORCL
Sectores desconocidos para 2 ticker(s); usando 'UNK': NFLX, ORCL
Sectores desconocidos para 2 ticker(s); usando 'UNK': NFLX, ORCL
C:\Localrepo\quantum_ai\scripts\run_mask_metrics_v8.py:292: RuntimeWarning: Mean of empty slice
  agg = {k: float(np.nanmean([r[k] for r in per_seed]))
Sectores desconocidos para 2 ticker(s); usando 'UNK': NFLX, ORCL
Sectores desconocidos para 2 ticker(s); usando 'UNK': NFLX, ORCL
Sectores desconocidos para 2 ticker(s); usando 'UNK': NFLX, ORCL
Sectores desconocidos para 2 ticker(s); usando 'UNK': NFLX, ORCL
Sectores desconocidos para 2 ticker(s); usando 'UNK': NFLX, ORCL
Sectores desconocidos para 2 ticker(s); usando 'UNK': NFLX, ORCL
Sectores desconocidos para 2 ticker(s); usando 'UNK': NFLX, ORCL
Sectores desconocidos para 2 ticker(s); usando 'UNK': NFLX, ORCL
Sectores desconocidos para 2 ticker(s); usando 'UNK': NFLX, ORCL
Sectores desconocidos para 2 ticker(s); usando 'UNK': NFLX, ORCL
C:\Localrepo\quantum_ai\scripts\run_mask_metrics_v8.py:292: RuntimeWarning: Mean of empty slice
  agg = {k: float(np.nanmean([r[k] for r in per_seed]))
Sectores desconocidos para 2 ticker(s); usando 'UNK': NFLX, ORCL
Sectores desconocidos para 2 ticker(s); usando 'UNK': NFLX, ORCL
Sectores desconocidos para 2 ticker(s); usando 'UNK': NFLX, ORCL
Sectores desconocidos para 2 ticker(s); usando 'UNK': NFLX, ORCL
Sectores desconocidos para 2 ticker(s); usando 'UNK': NFLX, ORCL
Sectores desconocidos para 2 ticker(s); usando 'UNK': NFLX, ORCL
Sectores desconocidos para 2 ticker(s); usando 'UNK': NFLX, ORCL
Sectores desconocidos para 2 ticker(s); usando 'UNK': NFLX, ORCL
Sectores desconocidos para 2 ticker(s); usando 'UNK': NFLX, ORCL
Sectores desconocidos para 2 ticker(s); usando 'UNK': NFLX, ORCL
C:\Localrepo\quantum_ai\scripts\run_mask_metrics_v8.py:292: RuntimeWarning: Mean of empty slice
  agg = {k: float(np.nanmean([r[k] for r in per_seed]))
Replay v8 (M=8, m=3, 5 ep x 10 semillas)

  D      prec@m=0.1836  ndcg@m=0.4091  cand=0.4486  rot=0.453
  C      prec@m=0.1753  ndcg@m=0.4056  cand=0.4294  rot=0.435
  R      prec@m=0.1861  ndcg@m=0.4096  cand=0.4581  rot=0.806
  Q      prec@m=0.1578  ndcg@m=nan  cand=0.3890  rot=0.390
  S0.0   prec@m=0.1691  ndcg@m=nan  cand=0.4187  rot=0.226
  S0.25  prec@m=0.1805  ndcg@m=nan  cand=0.4452  rot=0.445
  S0.5   prec@m=0.1810  ndcg@m=nan  cand=0.4522  rot=0.606
  S1.0   prec@m=0.1847  ndcg@m=nan  cand=0.4554  rot=0.803

[OK] C:\Localrepo\quantum_ai\outputs\tables\mask_metrics_v8.csv
[OK] C:\Localrepo\quantum_ai\outputs\tables\mask_steps_v8.npz

Rotacion D por semilla: media=0.4530 sd=0.0068 (regla p*: GLOBAL)

=== H-v8.3 (confirmatorio, unilateral D>R; Bonferroni k=6) ===
  H-v8.3a D-R precision_at_m: d=-0.0025 IC95[-0.0069,+0.0010] p=0.9016 pBonf6=1.0000 (n=10)
  H-v8.3b D-R ndcg_at_m: d=-0.0006 IC95[-0.0064,+0.0042] p=0.5672 pBonf6=1.0000 (n=10)
--- referencia exploratoria D-C ---
  D-C precision_at_m: d=+0.0083 IC95[+0.0073,+0.0093] p=0.0000
  D-C ndcg_at_m: d=+0.0035 IC95[+0.0007,+0.0059] p=0.0054

=== cand_hit por tercil de rotacion (exploratorio) ===
  D      bajo=0.418 medio=0.406 alto=0.523
  C      bajo=0.347 medio=0.500 alto=0.463
  R      bajo=0.448 medio=0.477 alto=nan
  Q      bajo=0.315 medio=0.320 alto=0.537
  S0.0   bajo=0.410 medio=nan alto=0.437
  S0.25  bajo=0.434 medio=nan alto=0.472
  S0.5   bajo=0.437 medio=0.464 alto=0.478
  S1.0   bajo=0.444 medio=0.477 alto=nan

[OK] C:\Localrepo\quantum_ai\outputs\tables\mask_metrics_v8_strata.csv
